<html>
<body>
<pre>
<h1>µVision Build Log</h1>
<h2>Tool Versions:</h2>
IDE-Version: µVision V5.26.2.0
Copyright (C) 2018 ARM Ltd and ARM Germany GmbH. All rights reserved.
License Information: 1 1, 1, LIC=----
 
Tool Versions:
Toolchain:       MDK-Lite  Version: 5.26.2.0
Toolchain Path:  C:\Keil_v5\ARM\ARMCC\Bin
C Compiler:      Armcc.exe V5.06 update 6 (build 750)
Assembler:       Armasm.exe V5.06 update 6 (build 750)
Linker/Locator:  ArmLink.exe V5.06 update 6 (build 750)
Library Manager: ArmAr.exe V5.06 update 6 (build 750)
Hex Converter:   FromElf.exe V5.06 update 6 (build 750)
CPU DLL:         SARMCM3.DLL V5.26.2.0
Dialog DLL:      DCM.DLL V1.17.2.0
Target DLL:      STLink\ST-LINKIII-KEIL_SWO.dll V3.0.5.0
Dialog DLL:      TCM.DLL V1.36.1.0
 
<h2>Project:</h2>
D:\Masaüstü\TezBluetooth\Bootloader_Bluetooth\MDK-ARM\BluetoothLed.uvprojx
Project File Date:  10/28/2018

<h2>Output:</h2>
*** Using Compiler 'V5.06 update 6 (build 750)', folder: 'C:\Keil_v5\ARM\ARMCC\Bin'
Build target 'BluetoothLed'
compiling stm32f4xx_hal_tim.c...
compiling stm32f4xx_it.c...
compiling stm32f4xx_hal_crc.c...
compiling stm32f4xx_hal_tim_ex.c...
compiling stm32f4xx_hal_msp.c...
compiling main.c...
../Src/main.c(272): warning:  #513-D: a value of type "void *" cannot be assigned to an entity of type "void (*)(void)"
  	      app_reset_handler = (void*) resethandler_address;
../Src/main.c(452): warning:  #144-D: a value of type "void *" cannot be used to initialize an entity of type "void (*)(void)"
              void (*lets_jump)(void) = (void *)go_address;
../Src/main.c(492): warning:  #188-D: enumerated type mixed with another type
          HAL_GPIO_WritePin(LD2_GPIO_Port, LD2_Pin,1);
../Src/main.c(494): warning:  #188-D: enumerated type mixed with another type
          HAL_GPIO_WritePin(LD2_GPIO_Port, LD2_Pin,0);
../Src/main.c(510): warning:  #177-D: variable "addr_valid"  was declared but never referenced
  	uint8_t addr_valid = ADDR_VALID;
../Src/main.c(512): warning:  #550-D: variable "chksum"  was set but never used
  	uint8_t chksum =0, len=0;
../Src/main.c(838): warning:  #188-D: enumerated type mixed with another type
  		status = (uint8_t) HAL_FLASHEx_Erase(&flashErase_handle, &sectorError);
../Src/main.c(902): warning:  #61-D: integer operation result is out of range
  			*pOPTCR &= ~(1 << 31);
../Src/main.c(932): warning:  #61-D: integer operation result is out of range
  			*pOPTCR &= ~(1 << 31);
../Src/main.c(957): warning:  #61-D: integer operation result is out of range
  			*pOPTCR |= (1 << 31);
../Src/main.c(957): warning:  #68-D: integer conversion resulted in a change of sign
  			*pOPTCR |= (1 << 31);
../Src/main.c: 11 warnings, 0 errors
compiling stm32f4xx_hal_uart.c...
compiling stm32f4xx_hal_flash_ramfunc.c...
compiling stm32f4xx_hal_gpio.c...
compiling stm32f4xx_hal_rcc.c...
compiling stm32f4xx_hal_flash_ex.c...
compiling stm32f4xx_hal_rcc_ex.c...
compiling stm32f4xx_hal_flash.c...
compiling stm32f4xx_hal_dma_ex.c...
compiling stm32f4xx_hal.c...
compiling system_stm32f4xx.c...
compiling stm32f4xx_hal_cortex.c...
compiling stm32f4xx_hal_pwr.c...
compiling stm32f4xx_hal_pwr_ex.c...
compiling stm32f4xx_hal_dma.c...
linking...
Program Size: Code=7684 RO-data=460 RW-data=32 ZI-data=1448  
FromELF: creating hex file...
"BluetoothLed\BluetoothLed.axf" - 0 Error(s), 11 Warning(s).

<h2>Software Packages used:</h2>

Package Vendor: ARM
                http://www.keil.com/pack/ARM.CMSIS.5.4.0.pack
                ARM.CMSIS.5.4.0
                CMSIS (Cortex Microcontroller Software Interface Standard)
   * Component: CORE Version: 5.1.2

Package Vendor: Keil
                http://www.keil.com/pack/Keil.STM32F4xx_DFP.2.13.0.pack
                Keil.STM32F4xx_DFP.2.13.0
                STMicroelectronics STM32F4 Series Device Support, Drivers and Examples

<h2>Collection of Component include folders:</h2>
  .\RTE\_BluetoothLed
  C:\Keil_v5\ARM\PACK\ARM\CMSIS\5.4.0\CMSIS\Core\Include
  C:\Keil_v5\ARM\PACK\Keil\STM32F4xx_DFP\2.13.0\Drivers\CMSIS\Device\ST\STM32F4xx\Include

<h2>Collection of Component Files used:</h2>

   * Component: ARM::CMSIS:CORE:5.1.2
Build Time Elapsed:  00:00:13
</pre>
</body>
</html>
